

================================================================
== Vivado HLS Report for 'conv_layer1'
================================================================
* Date:           Sat Jun 20 22:52:18 2026

* Version:        2018.3 (Build 2405991 on Thu Dec 06 23:56:15 MST 2018)
* Project:        tinyyolo_lite
* Solution:       solution1_naive
* Product family: zynq
* Target device:  xc7z020clg484-1


================================================================
== Performance Estimates
================================================================
+ Timing (ns): 
    * Summary: 
    +--------+-------+----------+------------+
    |  Clock | Target| Estimated| Uncertainty|
    +--------+-------+----------+------------+
    |ap_clk  |  10.00|     8.510|        1.25|
    +--------+-------+----------+------------+

+ Latency (clock cycles): 
    * Summary: 
    +---------+---------+---------+---------+---------+
    |      Latency      |      Interval     | Pipeline|
    |   min   |   max   |   min   |   max   |   Type  |
    +---------+---------+---------+---------+---------+
    |  4128581|  4128581|  4128581|  4128581|   none  |
    +---------+---------+---------+---------+---------+

    + Detail: 
        * Instance: 
        N/A

        * Loop: 
        +--------------------+---------+---------+----------+-----------+-----------+------+----------+
        |                    |      Latency      | Iteration|  Initiation Interval  | Trip |          |
        |      Loop Name     |   min   |   max   |  Latency |  achieved |   target  | Count| Pipelined|
        +--------------------+---------+---------+----------+-----------+-----------+------+----------+
        |- LOOP_ROW          |  4128580|  4128580|     66590|          -|          -|    62|    no    |
        | + LOOP_COL         |    66588|    66588|      1074|          -|          -|    62|    no    |
        |  ++ LOOP_OC        |     1072|     1072|       134|          -|          -|     8|    no    |
        |   +++ LOOP_KR      |      132|      132|        44|          -|          -|     3|    no    |
        |    ++++ LOOP_KC    |       42|       42|        14|          -|          -|     3|    no    |
        |     +++++ LOOP_IC  |       12|       12|         4|          -|          -|     3|    no    |
        +--------------------+---------+---------+----------+-----------+-----------+------+----------+



================================================================
== Utilization Estimates
================================================================
* Summary: 
+-----------------+---------+-------+--------+-------+
|       Name      | BRAM_18K| DSP48E|   FF   |  LUT  |
+-----------------+---------+-------+--------+-------+
|DSP              |        -|      -|       -|      -|
|Expression       |        -|      0|       0|    442|
|FIFO             |        -|      -|       -|      -|
|Instance         |        -|      -|       -|      -|
|Memory           |        0|      -|       4|     14|
|Multiplexer      |        -|      -|       -|    131|
|Register         |        -|      -|     295|      -|
+-----------------+---------+-------+--------+-------+
|Total            |        0|      0|     299|    587|
+-----------------+---------+-------+--------+-------+
|Available        |      280|    220|  106400|  53200|
+-----------------+---------+-------+--------+-------+
|Utilization (%)  |        0|      0|   ~0   |      1|
+-----------------+---------+-------+--------+-------+

+ Detail: 
    * Instance: 
    N/A

    * DSP48: 
    N/A

    * Memory: 
    +-----------+---------------------+---------+---+----+------+-----+------+-------------+
    |   Memory  |        Module       | BRAM_18K| FF| LUT| Words| Bits| Banks| W*Bits*Banks|
    +-----------+---------------------+---------+---+----+------+-----+------+-------------+
    |w_conv1_U  |conv_layer1_w_conv1  |        0|  4|  14|   216|    4|     1|          864|
    +-----------+---------------------+---------+---+----+------+-----+------+-------------+
    |Total      |                     |        0|  4|  14|   216|    4|     1|          864|
    +-----------+---------------------+---------+---+----+------+-----+------+-------------+

    * FIFO: 
    N/A

    * Expression: 
    +---------------------+----------+-------+---+----+------------+------------+
    |    Variable Name    | Operation| DSP48E| FF| LUT| Bitwidth P0| Bitwidth P1|
    +---------------------+----------+-------+---+----+------------+------------+
    |tmp_61_fu_509_p2     |     *    |      0|  0|  20|          32|           4|
    |col_3_fu_264_p2      |     +    |      0|  0|  15|           6|           1|
    |ic_4_fu_459_p2       |     +    |      0|  0|  10|           2|           1|
    |kc_3_fu_394_p2       |     +    |      0|  0|  10|           2|           1|
    |kr_3_fu_327_p2       |     +    |      0|  0|  10|           2|           1|
    |oc_4_fu_293_p2       |     +    |      0|  0|  13|           4|           1|
    |row_3_fu_222_p2      |     +    |      0|  0|  15|           6|           1|
    |sum_6_fu_514_p2      |     +    |      0|  0|  39|          32|          32|
    |tmp_100_fu_473_p2    |     +    |      0|  0|  15|           6|           6|
    |tmp_101_fu_486_p2    |     +    |      0|  0|  15|           9|           9|
    |tmp_102_fu_496_p2    |     +    |      0|  0|  21|          15|          15|
    |tmp_54_fu_333_p2     |     +    |      0|  0|  15|           6|           6|
    |tmp_57_fu_400_p2     |     +    |      0|  0|  15|           6|           6|
    |tmp_91_fu_274_p2     |     +    |      0|  0|  17|          13|          13|
    |tmp_92_fu_307_p2     |     +    |      0|  0|  23|          16|          16|
    |tmp_98_fu_436_p2     |     +    |      0|  0|  15|           6|           6|
    |tmp_90_fu_252_p2     |     -    |      0|  0|  17|          13|          13|
    |tmp_94_fu_355_p2     |     -    |      0|  0|  15|           5|           5|
    |tmp_97_fu_430_p2     |     -    |      0|  0|  21|          15|          15|
    |tmp_99_fu_447_p2     |     -    |      0|  0|  15|           6|           6|
    |exitcond1_fu_388_p2  |   icmp   |      0|  0|   8|           2|           2|
    |exitcond2_fu_321_p2  |   icmp   |      0|  0|   8|           2|           2|
    |exitcond3_fu_287_p2  |   icmp   |      0|  0|  11|           4|           5|
    |exitcond4_fu_258_p2  |   icmp   |      0|  0|  11|           6|           3|
    |exitcond5_fu_216_p2  |   icmp   |      0|  0|  11|           6|           3|
    |exitcond_fu_453_p2   |   icmp   |      0|  0|   8|           2|           2|
    |tmp_52_fu_369_p2     |   icmp   |      0|  0|  18|          32|           1|
    |output_r_d0          |  select  |      0|  0|  31|           1|          31|
    +---------------------+----------+-------+---+----+------------+------------+
    |Total                |          |      0|  0| 442|         257|         207|
    +---------------------+----------+-------+---+----+------------+------------+

    * Multiplexer: 
    +---------------+----+-----------+-----+-----------+
    |      Name     | LUT| Input Size| Bits| Total Bits|
    +---------------+----+-----------+-----+-----------+
    |ap_NS_fsm      |  50|         11|    1|         11|
    |col_reg_124    |   9|          2|    6|         12|
    |ic_reg_193     |   9|          2|    2|          4|
    |kc_reg_170     |   9|          2|    2|          4|
    |kr_reg_147     |   9|          2|    2|          4|
    |oc_reg_136     |   9|          2|    4|          8|
    |row_reg_112    |   9|          2|    6|         12|
    |sum_1_reg_181  |   9|          2|   32|         64|
    |sum_2_reg_204  |   9|          2|   32|         64|
    |sum_reg_158    |   9|          2|   32|         64|
    +---------------+----+-----------+-----+-----------+
    |Total          | 131|         29|  119|        247|
    +---------------+----+-----------+-----+-----------+

    * Register: 
    +----------------------+----+----+-----+-----------+
    |         Name         | FF | LUT| Bits| Const Bits|
    +----------------------+----+----+-----+-----------+
    |ap_CS_fsm             |  10|   0|   10|          0|
    |col_3_reg_535         |   6|   0|    6|          0|
    |col_reg_124           |   6|   0|    6|          0|
    |ic_4_reg_603          |   2|   0|    2|          0|
    |ic_reg_193            |   2|   0|    2|          0|
    |input_load_reg_618    |  32|   0|   32|          0|
    |kc_3_reg_585          |   2|   0|    2|          0|
    |kc_reg_170            |   2|   0|    2|          0|
    |kr_3_reg_566          |   2|   0|    2|          0|
    |kr_reg_147            |   2|   0|    2|          0|
    |oc_4_reg_548          |   4|   0|    4|          0|
    |oc_reg_136            |   4|   0|    4|          0|
    |output_addr_reg_558   |  15|   0|   15|          0|
    |row_3_reg_522         |   6|   0|    6|          0|
    |row_reg_112           |   6|   0|    6|          0|
    |sum_1_reg_181         |  32|   0|   32|          0|
    |sum_2_reg_204         |  32|   0|   32|          0|
    |sum_reg_158           |  32|   0|   32|          0|
    |tmp_142_cast_reg_540  |  13|   0|   16|          3|
    |tmp_145_cast_reg_577  |   6|   0|    6|          0|
    |tmp_51_cast5_reg_553  |   4|   0|    9|          5|
    |tmp_54_reg_571        |   6|   0|    6|          0|
    |tmp_61_reg_628        |  32|   0|   32|          0|
    |tmp_90_reg_527        |  12|   0|   13|          1|
    |tmp_97_reg_590        |  15|   0|   15|          0|
    |tmp_99_reg_595        |   6|   0|    6|          0|
    |w_conv1_load_reg_623  |   4|   0|    4|          0|
    +----------------------+----+----+-----+-----------+
    |Total                 | 295|   0|  304|          9|
    +----------------------+----+----+-----+-----------+



================================================================
== Interface
================================================================
* Summary: 
+-------------------+-----+-----+------------+--------------+--------------+
|     RTL Ports     | Dir | Bits|  Protocol  | Source Object|    C Type    |
+-------------------+-----+-----+------------+--------------+--------------+
|ap_clk             |  in |    1| ap_ctrl_hs |  conv_layer1 | return value |
|ap_rst             |  in |    1| ap_ctrl_hs |  conv_layer1 | return value |
|ap_start           |  in |    1| ap_ctrl_hs |  conv_layer1 | return value |
|ap_done            | out |    1| ap_ctrl_hs |  conv_layer1 | return value |
|ap_idle            | out |    1| ap_ctrl_hs |  conv_layer1 | return value |
|ap_ready           | out |    1| ap_ctrl_hs |  conv_layer1 | return value |
|input_r_address0   | out |   14|  ap_memory |    input_r   |     array    |
|input_r_ce0        | out |    1|  ap_memory |    input_r   |     array    |
|input_r_q0         |  in |   32|  ap_memory |    input_r   |     array    |
|output_r_address0  | out |   15|  ap_memory |   output_r   |     array    |
|output_r_ce0       | out |    1|  ap_memory |   output_r   |     array    |
|output_r_we0       | out |    1|  ap_memory |   output_r   |     array    |
|output_r_d0        | out |   31|  ap_memory |   output_r   |     array    |
+-------------------+-----+-----+------------+--------------+--------------+

