

================================================================
== Vivado HLS Report for 'detection_head'
================================================================
* Date:           Sat Jun 20 22:52:21 2026

* Version:        2018.3 (Build 2405991 on Thu Dec 06 23:56:15 MST 2018)
* Project:        tinyyolo_lite
* Solution:       solution1_naive
* Product family: zynq
* Target device:  xc7z020clg484-1


================================================================
== Performance Estimates
================================================================
+ Timing (ns): 
    * Summary: 
    +--------+-------+----------+------------+
    |  Clock | Target| Estimated| Uncertainty|
    +--------+-------+----------+------------+
    |ap_clk  |  10.00|     8.662|        1.25|
    +--------+-------+----------+------------+

+ Latency (clock cycles): 
    * Summary: 
    +---------+---------+---------+---------+---------+
    |      Latency      |      Interval     | Pipeline|
    |   min   |   max   |   min   |   max   |   Type  |
    +---------+---------+---------+---------+---------+
    |  3672353|  3672353|  3672353|  3672353|   none  |
    +---------+---------+---------+---------+---------+

    + Detail: 
        * Instance: 
        N/A

        * Loop: 
        +------------------------+---------+---------+----------+-----------+-----------+------+----------+
        |                        |      Latency      | Iteration|  Initiation Interval  | Trip |          |
        |        Loop Name       |   min   |   max   |  Latency |  achieved |   target  | Count| Pipelined|
        +------------------------+---------+---------+----------+-----------+-----------+------+----------+
        |- OUTPUT_CHANNEL        |  3672352|  3672352|    229522|          -|          -|    16|    no    |
        | + OUTPUT_ROWS          |   229520|   229520|     28690|          -|          -|     8|    no    |
        |  ++ OUTPUT_COLS        |    28688|    28688|      3586|          -|          -|     8|    no    |
        |   +++ INPUT_CHANNELS   |     3584|     3584|       112|          -|          -|    32|    no    |
        |    ++++ KERNAL_ROWS    |      110|      110|        22|          -|          -|     5|    no    |
        |     +++++ KERNAL_COLS  |       20|       20|         4|          -|          -|     5|    no    |
        +------------------------+---------+---------+----------+-----------+-----------+------+----------+



================================================================
== Utilization Estimates
================================================================
* Summary: 
+-----------------+---------+-------+--------+-------+
|       Name      | BRAM_18K| DSP48E|   FF   |  LUT  |
+-----------------+---------+-------+--------+-------+
|DSP              |        -|      -|       -|      -|
|Expression       |        -|      2|       0|    371|
|FIFO             |        -|      -|       -|      -|
|Instance         |        -|      -|       -|      -|
|Memory           |        5|      -|       0|      0|
|Multiplexer      |        -|      -|       -|    131|
|Register         |        -|      -|     263|      -|
+-----------------+---------+-------+--------+-------+
|Total            |        5|      2|     263|    502|
+-----------------+---------+-------+--------+-------+
|Available        |      280|    220|  106400|  53200|
+-----------------+---------+-------+--------+-------+
|Utilization (%)  |        1|   ~0  |   ~0   |   ~0  |
+-----------------+---------+-------+--------+-------+

+ Detail: 
    * Instance: 
    N/A

    * DSP48: 
    N/A

    * Memory: 
    +---------+----------------------+---------+---+----+-------+-----+------+-------------+
    |  Memory |        Module        | BRAM_18K| FF| LUT| Words | Bits| Banks| W*Bits*Banks|
    +---------+----------------------+---------+---+----+-------+-----+------+-------------+
    |w_det_U  |detection_head_w_bkb  |        5|  0|   0|  12800|    5|     1|        64000|
    +---------+----------------------+---------+---+----+-------+-----+------+-------------+
    |Total    |                      |        5|  0|   0|  12800|    5|     1|        64000|
    +---------+----------------------+---------+---+----+-------+-----+------+-------------+

    * FIFO: 
    N/A

    * Expression: 
    +---------------------+----------+-------+---+----+------------+------------+
    |    Variable Name    | Operation| DSP48E| FF| LUT| Bitwidth P0| Bitwidth P1|
    +---------------------+----------+-------+---+----+------------+------------+
    |tmp_12_fu_496_p2     |     *    |      2|  0|  24|          31|           5|
    |ic_1_fu_286_p2       |     +    |      0|  0|  15|           6|           1|
    |kx_1_fu_411_p2       |     +    |      0|  0|  12|           3|           1|
    |ky_1_fu_337_p2       |     +    |      0|  0|  12|           3|           1|
    |oc_1_fu_230_p2       |     +    |      0|  0|  15|           5|           1|
    |ox_1_fu_274_p2       |     +    |      0|  0|  13|           4|           1|
    |oy_1_fu_250_p2       |     +    |      0|  0|  13|           4|           1|
    |sum_3_fu_502_p2      |     +    |      0|  0|  39|          32|          32|
    |tmp_40_fu_304_p2     |     +    |      0|  0|  15|           8|           8|
    |tmp_41_fu_317_p2     |     +    |      0|  0|  12|          12|          12|
    |tmp_46_fu_395_p2     |     +    |      0|  0|  15|           6|           6|
    |tmp_47_fu_427_p2     |     +    |      0|  0|  15|           9|           9|
    |tmp_48_fu_440_p2     |     +    |      0|  0|  19|          14|          14|
    |tmp_49_fu_454_p2     |     +    |      0|  0|  15|           6|           6|
    |tmp_50_fu_467_p2     |     +    |      0|  0|  13|          11|          11|
    |tmp_51_fu_480_p2     |     +    |      0|  0|  21|          15|          15|
    |tmp_6_fu_343_p2      |     +    |      0|  0|  13|           4|           4|
    |tmp_9_fu_417_p2      |     +    |      0|  0|  13|           4|           4|
    |tmp_44_fu_373_p2     |     -    |      0|  0|  15|           9|           9|
    |exitcond1_fu_331_p2  |   icmp   |      0|  0|   9|           3|           3|
    |exitcond2_fu_280_p2  |   icmp   |      0|  0|  11|           6|           7|
    |exitcond3_fu_268_p2  |   icmp   |      0|  0|  11|           4|           5|
    |exitcond4_fu_244_p2  |   icmp   |      0|  0|  11|           4|           5|
    |exitcond5_fu_224_p2  |   icmp   |      0|  0|  11|           5|           6|
    |exitcond_fu_405_p2   |   icmp   |      0|  0|   9|           3|           3|
    +---------------------+----------+-------+---+----+------------+------------+
    |Total                |          |      2|  0| 371|         211|         170|
    +---------------------+----------+-------+---+----+------------+------------+

    * Multiplexer: 
    +---------------+----+-----------+-----+-----------+
    |      Name     | LUT| Input Size| Bits| Total Bits|
    +---------------+----+-----------+-----+-----------+
    |ap_NS_fsm      |  50|         11|    1|         11|
    |ic_reg_154     |   9|          2|    6|         12|
    |kx_reg_213     |   9|          2|    3|          6|
    |ky_reg_190     |   9|          2|    3|          6|
    |oc_reg_119     |   9|          2|    5|         10|
    |ox_reg_142     |   9|          2|    4|          8|
    |oy_reg_130     |   9|          2|    4|          8|
    |sum_1_reg_178  |   9|          2|   32|         64|
    |sum_2_reg_201  |   9|          2|   32|         64|
    |sum_reg_165    |   9|          2|   32|         64|
    +---------------+----+-----------+-----+-----------+
    |Total          | 131|         29|  122|        253|
    +---------------+----+-----------+-----+-----------+

    * Register: 
    +------------------------+----+----+-----+-----------+
    |          Name          | FF | LUT| Bits| Const Bits|
    +------------------------+----+----+-----+-----------+
    |ap_CS_fsm               |  10|   0|   10|          0|
    |buf_conv3_load_reg_600  |  31|   0|   31|          0|
    |ic_1_reg_549            |   6|   0|    6|          0|
    |ic_reg_154              |   6|   0|    6|          0|
    |kx_1_reg_585            |   3|   0|    3|          0|
    |kx_reg_213              |   3|   0|    3|          0|
    |ky_1_reg_567            |   3|   0|    3|          0|
    |ky_reg_190              |   3|   0|    3|          0|
    |oc_1_reg_510            |   5|   0|    5|          0|
    |oc_reg_119              |   5|   0|    5|          0|
    |ox_1_reg_541            |   4|   0|    4|          0|
    |ox_reg_142              |   4|   0|    4|          0|
    |oy_1_reg_528            |   4|   0|    4|          0|
    |oy_reg_130              |   4|   0|    4|          0|
    |sum_1_reg_178           |  32|   0|   32|          0|
    |sum_2_reg_201           |  32|   0|   32|          0|
    |sum_reg_165             |  32|   0|   32|          0|
    |tmp_12_reg_610          |  32|   0|   32|          0|
    |tmp_44_reg_572          |   7|   0|    9|          2|
    |tmp_46_reg_577          |   6|   0|    6|          0|
    |tmp_54_cast_reg_533     |   4|   0|    8|          4|
    |tmp_5_cast_reg_559      |   6|   0|   14|          8|
    |tmp_5_reg_554           |   6|   0|   11|          5|
    |tmp_cast3_reg_515       |   5|   0|   15|         10|
    |tmp_cast_reg_520        |   5|   0|   12|          7|
    |w_det_load_reg_605      |   5|   0|    5|          0|
    +------------------------+----+----+-----+-----------+
    |Total                   | 263|   0|  299|         36|
    +------------------------+----+----+-----+-----------+



================================================================
== Interface
================================================================
* Summary: 
+--------------------+-----+-----+------------+----------------+--------------+
|      RTL Ports     | Dir | Bits|  Protocol  |  Source Object |    C Type    |
+--------------------+-----+-----+------------+----------------+--------------+
|ap_clk              |  in |    1| ap_ctrl_hs | detection_head | return value |
|ap_rst              |  in |    1| ap_ctrl_hs | detection_head | return value |
|ap_start            |  in |    1| ap_ctrl_hs | detection_head | return value |
|ap_done             | out |    1| ap_ctrl_hs | detection_head | return value |
|ap_idle             | out |    1| ap_ctrl_hs | detection_head | return value |
|ap_ready            | out |    1| ap_ctrl_hs | detection_head | return value |
|output_r_address0   | out |   10|  ap_memory |    output_r    |     array    |
|output_r_ce0        | out |    1|  ap_memory |    output_r    |     array    |
|output_r_we0        | out |    1|  ap_memory |    output_r    |     array    |
|output_r_d0         | out |   32|  ap_memory |    output_r    |     array    |
|buf_conv3_address0  | out |   13|  ap_memory |    buf_conv3   |     array    |
|buf_conv3_ce0       | out |    1|  ap_memory |    buf_conv3   |     array    |
|buf_conv3_q0        |  in |   31|  ap_memory |    buf_conv3   |     array    |
+--------------------+-----+-----+------------+----------------+--------------+

