

================================================================
== Vivado HLS Report for 'conv_layer3'
================================================================
* Date:           Sun Jun 21 08:38:05 2026

* Version:        2018.3 (Build 2405991 on Thu Dec 06 23:56:15 MST 2018)
* Project:        tinyyolo_lite
* Solution:       optimization_solution
* Product family: zynq
* Target device:  xc7z020clg484-1


================================================================
== Performance Estimates
================================================================
+ Timing (ns): 
    * Summary: 
    +--------+-------+----------+------------+
    |  Clock | Target| Estimated| Uncertainty|
    +--------+-------+----------+------------+
    |ap_clk  |  10.00|     8.742|        1.25|
    +--------+-------+----------+------------+

+ Latency (clock cycles): 
    * Summary: 
    +--------+--------+--------+--------+---------+
    |     Latency     |     Interval    | Pipeline|
    |   min  |   max  |   min  |   max  |   Type  |
    +--------+--------+--------+--------+---------+
    |  138248|  138248|  138248|  138248|   none  |
    +--------+--------+--------+--------+---------+

    + Detail: 
        * Instance: 
        N/A

        * Loop: 
        +-----------------------------+--------+--------+----------+-----------+-----------+------+----------+
        |                             |     Latency     | Iteration|  Initiation Interval  | Trip |          |
        |          Loop Name          |   min  |   max  |  Latency |  achieved |   target  | Count| Pipelined|
        +-----------------------------+--------+--------+----------+-----------+-----------+------+----------+
        |- LOOP_ROW_LOOP_COL_LOOP_OC  |  138247|  138247|        30|          -|          -|  4608|    no    |
        | + LOOP_KR_LOOP_KC           |      13|      13|         6|          1|          1|     9|    yes   |
        +-----------------------------+--------+--------+----------+-----------+-----------+------+----------+



================================================================
== Utilization Estimates
================================================================
* Summary: 
+-----------------+---------+-------+--------+-------+
|       Name      | BRAM_18K| DSP48E|   FF   |  LUT  |
+-----------------+---------+-------+--------+-------+
|DSP              |        -|      -|       -|      -|
|Expression       |        -|     16|       0|   1508|
|FIFO             |        -|      -|       -|      -|
|Instance         |        -|      -|     116|     46|
|Memory           |       16|      -|       0|      0|
|Multiplexer      |        -|      -|       -|    201|
|Register         |        0|      -|    1559|     32|
+-----------------+---------+-------+--------+-------+
|Total            |       16|     16|    1675|   1787|
+-----------------+---------+-------+--------+-------+
|Available        |      280|    220|  106400|  53200|
+-----------------+---------+-------+--------+-------+
|Utilization (%)  |        5|      7|       1|      3|
+-----------------+---------+-------+--------+-------+

+ Detail: 
    * Instance: 
    +--------------------------+----------------------+---------+-------+----+----+
    |         Instance         |        Module        | BRAM_18K| DSP48E| FF | LUT|
    +--------------------------+----------------------+---------+-------+----+----+
    |tinyyolo_lite_ureCeG_U48  |tinyyolo_lite_ureCeG  |        0|      0|  58|  23|
    |tinyyolo_lite_ureCeG_U49  |tinyyolo_lite_ureCeG  |        0|      0|  58|  23|
    +--------------------------+----------------------+---------+-------+----+----+
    |Total                     |                      |        0|      0| 116|  46|
    +--------------------------+----------------------+---------+-------+----+----+

    * DSP48: 
    N/A

    * Memory: 
    +--------------+----------------------+---------+---+----+------+-----+------+-------------+
    |    Memory    |        Module        | BRAM_18K| FF| LUT| Words| Bits| Banks| W*Bits*Banks|
    +--------------+----------------------+---------+---+----+------+-----+------+-------------+
    |w_conv3_0_U   |conv_layer3_w_conmb6  |        1|  0|   0|   288|    5|     1|         1440|
    |w_conv3_2_U   |conv_layer3_w_conmb6  |        1|  0|   0|   288|    5|     1|         1440|
    |w_conv3_4_U   |conv_layer3_w_conmb6  |        1|  0|   0|   288|    5|     1|         1440|
    |w_conv3_6_U   |conv_layer3_w_conmb6  |        1|  0|   0|   288|    5|     1|         1440|
    |w_conv3_8_U   |conv_layer3_w_conmb6  |        1|  0|   0|   288|    5|     1|         1440|
    |w_conv3_10_U  |conv_layer3_w_conmb6  |        1|  0|   0|   288|    5|     1|         1440|
    |w_conv3_12_U  |conv_layer3_w_conmb6  |        1|  0|   0|   288|    5|     1|         1440|
    |w_conv3_14_U  |conv_layer3_w_conmb6  |        1|  0|   0|   288|    5|     1|         1440|
    |w_conv3_1_U   |conv_layer3_w_conncg  |        1|  0|   0|   288|    5|     1|         1440|
    |w_conv3_3_U   |conv_layer3_w_conncg  |        1|  0|   0|   288|    5|     1|         1440|
    |w_conv3_5_U   |conv_layer3_w_conncg  |        1|  0|   0|   288|    5|     1|         1440|
    |w_conv3_7_U   |conv_layer3_w_conncg  |        1|  0|   0|   288|    5|     1|         1440|
    |w_conv3_9_U   |conv_layer3_w_conncg  |        1|  0|   0|   288|    5|     1|         1440|
    |w_conv3_11_U  |conv_layer3_w_conncg  |        1|  0|   0|   288|    5|     1|         1440|
    |w_conv3_13_U  |conv_layer3_w_conncg  |        1|  0|   0|   288|    5|     1|         1440|
    |w_conv3_15_U  |conv_layer3_w_conncg  |        1|  0|   0|   288|    5|     1|         1440|
    +--------------+----------------------+---------+---+----+------+-----+------+-------------+
    |Total         |                      |       16|  0|   0|  4608|   80|    16|        23040|
    +--------------+----------------------+---------+---+----+------+-----+------+-------------+

    * FIFO: 
    N/A

    * Expression: 
    +---------------------------------+----------+-------+---+----+------------+------------+
    |          Variable Name          | Operation| DSP48E| FF| LUT| Bitwidth P0| Bitwidth P1|
    +---------------------------------+----------+-------+---+----+------------+------------+
    |mul2_fu_855_p2                   |     *    |      0|  0|  17|           5|           4|
    |mul_fu_770_p2                    |     *    |      0|  0|  17|           5|           4|
    |tmp_22_fu_1224_p2                |     *    |      1|  0|  24|           5|          31|
    |tmp_56_10_fu_1356_p2             |     *    |      1|  0|  24|           5|          31|
    |tmp_56_11_fu_1368_p2             |     *    |      1|  0|  24|           5|          31|
    |tmp_56_12_fu_1380_p2             |     *    |      1|  0|  24|           5|          31|
    |tmp_56_13_fu_1392_p2             |     *    |      1|  0|  24|           5|          31|
    |tmp_56_14_fu_1404_p2             |     *    |      1|  0|  24|           5|          31|
    |tmp_56_1_fu_1236_p2              |     *    |      1|  0|  24|           5|          31|
    |tmp_56_2_fu_1248_p2              |     *    |      1|  0|  24|           5|          31|
    |tmp_56_3_fu_1260_p2              |     *    |      1|  0|  24|           5|          31|
    |tmp_56_4_fu_1272_p2              |     *    |      1|  0|  24|           5|          31|
    |tmp_56_5_fu_1284_p2              |     *    |      1|  0|  24|           5|          31|
    |tmp_56_6_fu_1296_p2              |     *    |      1|  0|  24|           5|          31|
    |tmp_56_7_fu_1308_p2              |     *    |      1|  0|  24|           5|          31|
    |tmp_56_8_fu_1320_p2              |     *    |      1|  0|  24|           5|          31|
    |tmp_56_9_fu_1332_p2              |     *    |      1|  0|  24|           5|          31|
    |tmp_56_s_fu_1344_p2              |     *    |      1|  0|  24|           5|          31|
    |col_1_fu_834_p2                  |     +    |      0|  0|  13|           1|           4|
    |indvar_flatten7_op_fu_1512_p2    |     +    |      0|  0|  14|          10|           1|
    |indvar_flatten_next4_fu_796_p2   |     +    |      0|  0|  17|           1|          13|
    |indvar_flatten_next_fu_1040_p2   |     +    |      0|  0|  13|           4|           1|
    |kc_1_fu_1074_p2                  |     +    |      0|  0|  10|           2|           1|
    |kr_1_fu_1046_p2                  |     +    |      0|  0|  10|           2|           1|
    |oc_2_fu_1507_p2                  |     +    |      0|  0|  15|           6|           1|
    |row_1_fu_887_p2                  |     +    |      0|  0|  13|           1|           4|
    |sum_4_s_fu_1478_p2               |     +    |      0|  0|  32|          32|          32|
    |tmp10_fu_1432_p2                 |     +    |      0|  0|  39|          32|          32|
    |tmp11_fu_1436_p2                 |     +    |      0|  0|  32|          32|          32|
    |tmp12_fu_1463_p2                 |     +    |      0|  0|  32|          32|          32|
    |tmp13_fu_1446_p2                 |     +    |      0|  0|  39|          32|          32|
    |tmp14_fu_1450_p2                 |     +    |      0|  0|  39|          32|          32|
    |tmp1_fu_1458_p2                  |     +    |      0|  0|  32|          32|          32|
    |tmp2_fu_1418_p2                  |     +    |      0|  0|  32|          32|          32|
    |tmp3_fu_1410_p2                  |     +    |      0|  0|  39|          32|          32|
    |tmp4_fu_1414_p2                  |     +    |      0|  0|  32|          32|          32|
    |tmp5_fu_1454_p2                  |     +    |      0|  0|  32|          32|          32|
    |tmp6_fu_1424_p2                  |     +    |      0|  0|  39|          32|          32|
    |tmp7_fu_1428_p2                  |     +    |      0|  0|  39|          32|          32|
    |tmp8_fu_1467_p2                  |     +    |      0|  0|  32|          32|          32|
    |tmp9_fu_1440_p2                  |     +    |      0|  0|  32|          32|          32|
    |tmp_100_fu_1009_p2               |     +    |      0|  0|  12|          12|          12|
    |tmp_101_fu_1021_p2               |     +    |      0|  0|  13|          11|          11|
    |tmp_107_fu_1150_p2               |     +    |      0|  0|  32|           9|           9|
    |tmp_108_fu_1179_p2               |     +    |      0|  0|  32|           5|           5|
    |tmp_109_fu_1193_p2               |     +    |      0|  0|  14|          10|          10|
    |tmp_19_fu_1141_p2                |     +    |      0|  0|  13|           4|           4|
    |tmp_23_fu_1472_p2                |     +    |      0|  0|  32|          32|          32|
    |tmp_33_mid2_v_fu_1083_p2         |     +    |      0|  0|  13|           4|           4|
    |tmp_98_fu_969_p2                 |     +    |      0|  0|  32|           7|           7|
    |tmp_99_fu_983_p2                 |     +    |      0|  0|  15|           6|           6|
    |tmp_104_fu_1112_p2               |     -    |      0|  0|  32|           9|           9|
    |tmp_106_fu_1132_p2               |     -    |      0|  0|  32|           5|           5|
    |tmp_s_fu_916_p2                  |     -    |      0|  0|  32|           7|           7|
    |exitcond3_mid_fu_828_p2          |    and   |      0|  0|   2|           1|           1|
    |exitcond2_fu_1052_p2             |   icmp   |      0|  0|   8|           2|           2|
    |exitcond_flatten2_fu_802_p2      |   icmp   |      0|  0|  13|          10|           9|
    |exitcond_flatten4_fu_790_p2      |   icmp   |      0|  0|  13|          13|          13|
    |exitcond_flatten_fu_1034_p2      |   icmp   |      0|  0|   9|           4|           4|
    |exitcond_fu_822_p2               |   icmp   |      0|  0|  11|           6|           7|
    |tmp_16_fu_1488_p2                |   icmp   |      0|  0|  18|          32|           1|
    |tmp_97_fu_940_p2                 |    or    |      0|  0|   2|           1|           1|
    |arrayNo_mid2_fu_956_p3           |  select  |      0|  0|   3|           1|           3|
    |arrayNo_mid_fu_934_p3            |  select  |      0|  0|   3|           1|           1|
    |col_mid2_fu_882_p3               |  select  |      0|  0|   4|           1|           4|
    |col_mid_fu_808_p3                |  select  |      0|  0|   4|           1|           1|
    |indvar_flatten_next8_fu_1518_p3  |  select  |      0|  0|  10|           1|           1|
    |kc_mid2_fu_1058_p3               |  select  |      0|  0|   2|           1|           1|
    |newIndex1_mid2_fu_875_p3         |  select  |      0|  0|   4|           1|           4|
    |newIndex1_mid_fu_846_p3          |  select  |      0|  0|   4|           1|           1|
    |oc_mid2_fu_944_p3                |  select  |      0|  0|   6|           1|           1|
    |tmp_17_fu_1494_p3                |  select  |      0|  0|  31|           1|          31|
    |tmp_33_mid2_v_v_v_fu_1066_p3     |  select  |      0|  0|   2|           1|           2|
    |tmp_mid2_v_fu_893_p3             |  select  |      0|  0|   4|           1|           4|
    |ap_enable_pp0                    |    xor   |      0|  0|   2|           1|           2|
    |ap_enable_reg_pp0_iter1          |    xor   |      0|  0|   2|           2|           1|
    |not_exitcond_flatten_fu_816_p2   |    xor   |      0|  0|   2|           1|           2|
    +---------------------------------+----------+-------+---+----+------------+------------+
    |Total                            |          |     16|  0|1508|         803|        1228|
    +---------------------------------+----------+-------+---+----+------------+------------+

    * Multiplexer: 
    +-----------------------------+----+-----------+-----+-----------+
    |             Name            | LUT| Input Size| Bits| Total Bits|
    +-----------------------------+----+-----------+-----+-----------+
    |ap_NS_fsm                    |  93|         19|    1|         19|
    |ap_enable_reg_pp0_iter1      |   9|          2|    1|          2|
    |ap_enable_reg_pp0_iter5      |   9|          2|    1|          2|
    |ap_phi_mux_kr_phi_fu_726_p4  |   9|          2|    2|          4|
    |col_reg_652                  |   9|          2|    4|          8|
    |indvar_flatten4_reg_664      |   9|          2|   13|         26|
    |indvar_flatten7_reg_687      |   9|          2|   10|         20|
    |indvar_flatten_reg_711       |   9|          2|    4|          8|
    |kc_reg_733                   |   9|          2|    2|          4|
    |kr_reg_722                   |   9|          2|    2|          4|
    |oc_reg_699                   |   9|          2|    6|         12|
    |row_reg_675                  |   9|          2|    4|          8|
    |sum_1_reg_744                |   9|          2|   32|         64|
    +-----------------------------+----+-----------+-----+-----------+
    |Total                        | 201|         43|   82|        181|
    +-----------------------------+----+-----------+-----+-----------+

    * Register: 
    +-------------------------------+----+----+-----+-----------+
    |              Name             | FF | LUT| Bits| Const Bits|
    +-------------------------------+----+----+-----+-----------+
    |ap_CS_fsm                      |  18|   0|   18|          0|
    |ap_enable_reg_pp0_iter0        |   1|   0|    1|          0|
    |ap_enable_reg_pp0_iter1        |   1|   0|    1|          0|
    |ap_enable_reg_pp0_iter2        |   1|   0|    1|          0|
    |ap_enable_reg_pp0_iter3        |   1|   0|    1|          0|
    |ap_enable_reg_pp0_iter4        |   1|   0|    1|          0|
    |ap_enable_reg_pp0_iter5        |   1|   0|    1|          0|
    |arrayNo_mid2_reg_1595          |   3|   0|    3|          0|
    |buf_pool2_0_load_reg_1817      |  31|   0|   31|          0|
    |buf_pool2_10_load_reg_1917     |  31|   0|   31|          0|
    |buf_pool2_11_load_reg_1927     |  31|   0|   31|          0|
    |buf_pool2_12_load_reg_1937     |  31|   0|   31|          0|
    |buf_pool2_13_load_reg_1947     |  31|   0|   31|          0|
    |buf_pool2_14_load_reg_1957     |  31|   0|   31|          0|
    |buf_pool2_15_load_reg_1967     |  31|   0|   31|          0|
    |buf_pool2_1_load_reg_1827      |  31|   0|   31|          0|
    |buf_pool2_2_load_reg_1837      |  31|   0|   31|          0|
    |buf_pool2_3_load_reg_1847      |  31|   0|   31|          0|
    |buf_pool2_4_load_reg_1857      |  31|   0|   31|          0|
    |buf_pool2_5_load_reg_1867      |  31|   0|   31|          0|
    |buf_pool2_6_load_reg_1877      |  31|   0|   31|          0|
    |buf_pool2_7_load_reg_1887      |  31|   0|   31|          0|
    |buf_pool2_8_load_reg_1897      |  31|   0|   31|          0|
    |buf_pool2_9_load_reg_1907      |  31|   0|   31|          0|
    |col_1_reg_1565                 |   4|   0|    4|          0|
    |col_mid2_reg_1578              |   4|   0|    4|          0|
    |col_mid_reg_1552               |   4|   0|    4|          0|
    |col_reg_652                    |   4|   0|    4|          0|
    |exitcond3_mid_reg_1557         |   1|   0|    1|          0|
    |exitcond_flatten2_reg_1543     |   1|   0|    1|          0|
    |exitcond_flatten_reg_1629      |   1|   0|    1|          0|
    |indvar_flatten4_reg_664        |  13|   0|   13|          0|
    |indvar_flatten7_reg_687        |  10|   0|   10|          0|
    |indvar_flatten_next4_reg_1538  |  13|   0|   13|          0|
    |indvar_flatten_reg_711         |   4|   0|    4|          0|
    |kc_mid2_reg_1638               |   2|   0|    2|          0|
    |kc_reg_733                     |   2|   0|    2|          0|
    |kr_reg_722                     |   2|   0|    2|          0|
    |newIndex1_mid2_reg_1572        |   4|   0|    4|          0|
    |newIndex_reg_1530              |   4|   0|    4|          0|
    |oc_mid2_reg_1590               |   6|   0|    6|          0|
    |oc_reg_699                     |   6|   0|    6|          0|
    |output_0_addr_reg_1604         |  11|   0|   11|          0|
    |output_1_addr_reg_1609         |  11|   0|   11|          0|
    |output_2_addr_reg_1614         |  10|   0|   10|          0|
    |output_3_addr_reg_1619         |  10|   0|   10|          0|
    |output_4_addr_reg_1624         |  10|   0|   10|          0|
    |row_reg_675                    |   4|   0|    4|          0|
    |sum_1_reg_744                  |  32|   0|   32|          0|
    |tmp13_reg_2077                 |  32|   0|   32|          0|
    |tmp14_reg_2082                 |  32|   0|   32|          0|
    |tmp2_reg_2057                  |  32|   0|   32|          0|
    |tmp6_reg_2062                  |  32|   0|   32|          0|
    |tmp7_reg_2067                  |  32|   0|   32|          0|
    |tmp9_reg_2072                  |  32|   0|   32|          0|
    |tmp_22_reg_1977                |  32|   0|   32|          0|
    |tmp_33_mid2_v_v_v_reg_1644     |   2|   0|    2|          0|
    |tmp_56_10_reg_2032             |  32|   0|   32|          0|
    |tmp_56_11_reg_2037             |  32|   0|   32|          0|
    |tmp_56_12_reg_2042             |  32|   0|   32|          0|
    |tmp_56_13_reg_2047             |  32|   0|   32|          0|
    |tmp_56_14_reg_2052             |  32|   0|   32|          0|
    |tmp_56_1_reg_1982              |  32|   0|   32|          0|
    |tmp_56_2_reg_1987              |  32|   0|   32|          0|
    |tmp_56_3_reg_1992              |  32|   0|   32|          0|
    |tmp_56_4_reg_1997              |  32|   0|   32|          0|
    |tmp_56_5_reg_2002              |  32|   0|   32|          0|
    |tmp_56_6_reg_2007              |  32|   0|   32|          0|
    |tmp_56_7_reg_2012              |  32|   0|   32|          0|
    |tmp_56_8_reg_2017              |  32|   0|   32|          0|
    |tmp_56_9_reg_2022              |  32|   0|   32|          0|
    |tmp_56_s_reg_2027              |  32|   0|   32|          0|
    |tmp_65_reg_1525                |   3|   0|    3|          0|
    |tmp_cast1_reg_1599             |   6|   0|   10|          4|
    |tmp_mid2_v_reg_1584            |   4|   0|    4|          0|
    |w_conv3_0_load_reg_1822        |   5|   0|    5|          0|
    |w_conv3_10_load_reg_1922       |   5|   0|    5|          0|
    |w_conv3_11_load_reg_1932       |   5|   0|    5|          0|
    |w_conv3_12_load_reg_1942       |   5|   0|    5|          0|
    |w_conv3_13_load_reg_1952       |   5|   0|    5|          0|
    |w_conv3_14_load_reg_1962       |   5|   0|    5|          0|
    |w_conv3_15_load_reg_1972       |   5|   0|    5|          0|
    |w_conv3_1_load_reg_1832        |   5|   0|    5|          0|
    |w_conv3_2_load_reg_1842        |   5|   0|    5|          0|
    |w_conv3_3_load_reg_1852        |   5|   0|    5|          0|
    |w_conv3_4_load_reg_1862        |   5|   0|    5|          0|
    |w_conv3_5_load_reg_1872        |   5|   0|    5|          0|
    |w_conv3_6_load_reg_1882        |   5|   0|    5|          0|
    |w_conv3_7_load_reg_1892        |   5|   0|    5|          0|
    |w_conv3_8_load_reg_1902        |   5|   0|    5|          0|
    |w_conv3_9_load_reg_1912        |   5|   0|    5|          0|
    |exitcond_flatten_reg_1629      |  64|  32|    1|          0|
    +-------------------------------+----+----+-----+-----------+
    |Total                          |1559|  32| 1500|          4|
    +-------------------------------+----+----+-----+-----------+



================================================================
== Interface
================================================================
* Summary: 
+-----------------------+-----+-----+------------+--------------+--------------+
|       RTL Ports       | Dir | Bits|  Protocol  | Source Object|    C Type    |
+-----------------------+-----+-----+------------+--------------+--------------+
|ap_clk                 |  in |    1| ap_ctrl_hs |  conv_layer3 | return value |
|ap_rst                 |  in |    1| ap_ctrl_hs |  conv_layer3 | return value |
|ap_start               |  in |    1| ap_ctrl_hs |  conv_layer3 | return value |
|ap_done                | out |    1| ap_ctrl_hs |  conv_layer3 | return value |
|ap_idle                | out |    1| ap_ctrl_hs |  conv_layer3 | return value |
|ap_ready               | out |    1| ap_ctrl_hs |  conv_layer3 | return value |
|output_0_address0      | out |   11|  ap_memory |   output_0   |     array    |
|output_0_ce0           | out |    1|  ap_memory |   output_0   |     array    |
|output_0_we0           | out |    1|  ap_memory |   output_0   |     array    |
|output_0_d0            | out |   31|  ap_memory |   output_0   |     array    |
|output_1_address0      | out |   11|  ap_memory |   output_1   |     array    |
|output_1_ce0           | out |    1|  ap_memory |   output_1   |     array    |
|output_1_we0           | out |    1|  ap_memory |   output_1   |     array    |
|output_1_d0            | out |   31|  ap_memory |   output_1   |     array    |
|output_2_address0      | out |   10|  ap_memory |   output_2   |     array    |
|output_2_ce0           | out |    1|  ap_memory |   output_2   |     array    |
|output_2_we0           | out |    1|  ap_memory |   output_2   |     array    |
|output_2_d0            | out |   31|  ap_memory |   output_2   |     array    |
|output_3_address0      | out |   10|  ap_memory |   output_3   |     array    |
|output_3_ce0           | out |    1|  ap_memory |   output_3   |     array    |
|output_3_we0           | out |    1|  ap_memory |   output_3   |     array    |
|output_3_d0            | out |   31|  ap_memory |   output_3   |     array    |
|output_4_address0      | out |   10|  ap_memory |   output_4   |     array    |
|output_4_ce0           | out |    1|  ap_memory |   output_4   |     array    |
|output_4_we0           | out |    1|  ap_memory |   output_4   |     array    |
|output_4_d0            | out |   31|  ap_memory |   output_4   |     array    |
|buf_pool2_0_address0   | out |    8|  ap_memory |  buf_pool2_0 |     array    |
|buf_pool2_0_ce0        | out |    1|  ap_memory |  buf_pool2_0 |     array    |
|buf_pool2_0_q0         |  in |   31|  ap_memory |  buf_pool2_0 |     array    |
|buf_pool2_1_address0   | out |    8|  ap_memory |  buf_pool2_1 |     array    |
|buf_pool2_1_ce0        | out |    1|  ap_memory |  buf_pool2_1 |     array    |
|buf_pool2_1_q0         |  in |   31|  ap_memory |  buf_pool2_1 |     array    |
|buf_pool2_2_address0   | out |    8|  ap_memory |  buf_pool2_2 |     array    |
|buf_pool2_2_ce0        | out |    1|  ap_memory |  buf_pool2_2 |     array    |
|buf_pool2_2_q0         |  in |   31|  ap_memory |  buf_pool2_2 |     array    |
|buf_pool2_3_address0   | out |    8|  ap_memory |  buf_pool2_3 |     array    |
|buf_pool2_3_ce0        | out |    1|  ap_memory |  buf_pool2_3 |     array    |
|buf_pool2_3_q0         |  in |   31|  ap_memory |  buf_pool2_3 |     array    |
|buf_pool2_4_address0   | out |    8|  ap_memory |  buf_pool2_4 |     array    |
|buf_pool2_4_ce0        | out |    1|  ap_memory |  buf_pool2_4 |     array    |
|buf_pool2_4_q0         |  in |   31|  ap_memory |  buf_pool2_4 |     array    |
|buf_pool2_5_address0   | out |    8|  ap_memory |  buf_pool2_5 |     array    |
|buf_pool2_5_ce0        | out |    1|  ap_memory |  buf_pool2_5 |     array    |
|buf_pool2_5_q0         |  in |   31|  ap_memory |  buf_pool2_5 |     array    |
|buf_pool2_6_address0   | out |    8|  ap_memory |  buf_pool2_6 |     array    |
|buf_pool2_6_ce0        | out |    1|  ap_memory |  buf_pool2_6 |     array    |
|buf_pool2_6_q0         |  in |   31|  ap_memory |  buf_pool2_6 |     array    |
|buf_pool2_7_address0   | out |    8|  ap_memory |  buf_pool2_7 |     array    |
|buf_pool2_7_ce0        | out |    1|  ap_memory |  buf_pool2_7 |     array    |
|buf_pool2_7_q0         |  in |   31|  ap_memory |  buf_pool2_7 |     array    |
|buf_pool2_8_address0   | out |    8|  ap_memory |  buf_pool2_8 |     array    |
|buf_pool2_8_ce0        | out |    1|  ap_memory |  buf_pool2_8 |     array    |
|buf_pool2_8_q0         |  in |   31|  ap_memory |  buf_pool2_8 |     array    |
|buf_pool2_9_address0   | out |    8|  ap_memory |  buf_pool2_9 |     array    |
|buf_pool2_9_ce0        | out |    1|  ap_memory |  buf_pool2_9 |     array    |
|buf_pool2_9_q0         |  in |   31|  ap_memory |  buf_pool2_9 |     array    |
|buf_pool2_10_address0  | out |    8|  ap_memory | buf_pool2_10 |     array    |
|buf_pool2_10_ce0       | out |    1|  ap_memory | buf_pool2_10 |     array    |
|buf_pool2_10_q0        |  in |   31|  ap_memory | buf_pool2_10 |     array    |
|buf_pool2_11_address0  | out |    8|  ap_memory | buf_pool2_11 |     array    |
|buf_pool2_11_ce0       | out |    1|  ap_memory | buf_pool2_11 |     array    |
|buf_pool2_11_q0        |  in |   31|  ap_memory | buf_pool2_11 |     array    |
|buf_pool2_12_address0  | out |    8|  ap_memory | buf_pool2_12 |     array    |
|buf_pool2_12_ce0       | out |    1|  ap_memory | buf_pool2_12 |     array    |
|buf_pool2_12_q0        |  in |   31|  ap_memory | buf_pool2_12 |     array    |
|buf_pool2_13_address0  | out |    8|  ap_memory | buf_pool2_13 |     array    |
|buf_pool2_13_ce0       | out |    1|  ap_memory | buf_pool2_13 |     array    |
|buf_pool2_13_q0        |  in |   31|  ap_memory | buf_pool2_13 |     array    |
|buf_pool2_14_address0  | out |    8|  ap_memory | buf_pool2_14 |     array    |
|buf_pool2_14_ce0       | out |    1|  ap_memory | buf_pool2_14 |     array    |
|buf_pool2_14_q0        |  in |   31|  ap_memory | buf_pool2_14 |     array    |
|buf_pool2_15_address0  | out |    8|  ap_memory | buf_pool2_15 |     array    |
|buf_pool2_15_ce0       | out |    1|  ap_memory | buf_pool2_15 |     array    |
|buf_pool2_15_q0        |  in |   31|  ap_memory | buf_pool2_15 |     array    |
+-----------------------+-----+-----+------------+--------------+--------------+

