

================================================================
== Vivado HLS Report for 'conv_layer2'
================================================================
* Date:           Sat Jun 20 22:52:19 2026

* Version:        2018.3 (Build 2405991 on Thu Dec 06 23:56:15 MST 2018)
* Project:        tinyyolo_lite
* Solution:       solution1_naive
* Product family: zynq
* Target device:  xc7z020clg484-1


================================================================
== Performance Estimates
================================================================
+ Timing (ns): 
    * Summary: 
    +--------+-------+----------+------------+
    |  Clock | Target| Estimated| Uncertainty|
    +--------+-------+----------+------------+
    |ap_clk  |  10.00|     8.510|        1.25|
    +--------+-------+----------+------------+

+ Latency (clock cycles): 
    * Summary: 
    +---------+---------+---------+---------+---------+
    |      Latency      |      Interval     | Pipeline|
    |   min   |   max   |   min   |   max   |   Type  |
    +---------+---------+---------+---------+---------+
    |  4226925|  4226925|  4226925|  4226925|   none  |
    +---------+---------+---------+---------+---------+

    + Detail: 
        * Instance: 
        N/A

        * Loop: 
        +--------------------+---------+---------+----------+-----------+-----------+------+----------+
        |                    |      Latency      | Iteration|  Initiation Interval  | Trip |          |
        |      Loop Name     |   min   |   max   |  Latency |  achieved |   target  | Count| Pipelined|
        +--------------------+---------+---------+----------+-----------+-----------+------+----------+
        |- LOOP_ROW          |  4226924|  4226924|    145756|          -|          -|    29|    no    |
        | + LOOP_COL         |   145754|   145754|      5026|          -|          -|    29|    no    |
        |  ++ LOOP_OC        |     5024|     5024|       314|          -|          -|    16|    no    |
        |   +++ LOOP_KR      |      312|      312|       104|          -|          -|     3|    no    |
        |    ++++ LOOP_KC    |      102|      102|        34|          -|          -|     3|    no    |
        |     +++++ LOOP_IC  |       32|       32|         4|          -|          -|     8|    no    |
        +--------------------+---------+---------+----------+-----------+-----------+------+----------+



================================================================
== Utilization Estimates
================================================================
* Summary: 
+-----------------+---------+-------+--------+-------+
|       Name      | BRAM_18K| DSP48E|   FF   |  LUT  |
+-----------------+---------+-------+--------+-------+
|DSP              |        -|      -|       -|      -|
|Expression       |        -|      2|       0|    427|
|FIFO             |        -|      -|       -|      -|
|Instance         |        -|      -|       -|      -|
|Memory           |        1|      -|       0|      0|
|Multiplexer      |        -|      -|       -|    140|
|Register         |        -|      -|     303|      -|
+-----------------+---------+-------+--------+-------+
|Total            |        1|      2|     303|    567|
+-----------------+---------+-------+--------+-------+
|Available        |      280|    220|  106400|  53200|
+-----------------+---------+-------+--------+-------+
|Utilization (%)  |    ~0   |   ~0  |   ~0   |      1|
+-----------------+---------+-------+--------+-------+

+ Detail: 
    * Instance: 
    N/A

    * DSP48: 
    N/A

    * Memory: 
    +-----------+---------------------+---------+---+----+------+-----+------+-------------+
    |   Memory  |        Module       | BRAM_18K| FF| LUT| Words| Bits| Banks| W*Bits*Banks|
    +-----------+---------------------+---------+---+----+------+-----+------+-------------+
    |w_conv2_U  |conv_layer2_w_conv2  |        1|  0|   0|  1152|    5|     1|         5760|
    +-----------+---------------------+---------+---+----+------+-----+------+-------------+
    |Total      |                     |        1|  0|   0|  1152|    5|     1|         5760|
    +-----------+---------------------+---------+---+----+------+-----+------+-------------+

    * FIFO: 
    N/A

    * Expression: 
    +---------------------+----------+-------+---+----+------------+------------+
    |    Variable Name    | Operation| DSP48E| FF| LUT| Bitwidth P0| Bitwidth P1|
    +---------------------+----------+-------+---+----+------------+------------+
    |tmp_50_fu_515_p2     |     *    |      2|  0|  20|          32|           5|
    |col_2_fu_256_p2      |     +    |      0|  0|  15|           5|           1|
    |ic_3_fu_465_p2       |     +    |      0|  0|  13|           4|           1|
    |kc_2_fu_409_p2       |     +    |      0|  0|  10|           2|           1|
    |kr_2_fu_324_p2       |     +    |      0|  0|  10|           2|           1|
    |next_mul_fu_232_p2   |     +    |      0|  0|  14|          10|           5|
    |oc_3_fu_290_p2       |     +    |      0|  0|  15|           5|           1|
    |row_2_fu_244_p2      |     +    |      0|  0|  15|           5|           1|
    |sum_5_fu_520_p2      |     +    |      0|  0|  39|          32|          32|
    |tmp_43_fu_330_p2     |     +    |      0|  0|  15|           5|           5|
    |tmp_46_fu_415_p2     |     +    |      0|  0|  15|           5|           5|
    |tmp_79_fu_304_p2     |     +    |      0|  0|  21|          15|          15|
    |tmp_84_fu_425_p2     |     +    |      0|  0|  13|          11|          11|
    |tmp_85_fu_442_p2     |     +    |      0|  0|  15|           6|           6|
    |tmp_87_fu_479_p2     |     +    |      0|  0|  19|          14|          14|
    |tmp_88_fu_489_p2     |     +    |      0|  0|  15|           8|           8|
    |tmp_89_fu_502_p2     |     +    |      0|  0|  12|          12|          12|
    |tmp_s_fu_266_p2      |     +    |      0|  0|  14|          10|          10|
    |tmp_81_fu_352_p2     |     -    |      0|  0|  13|          11|          11|
    |tmp_83_fu_370_p2     |     -    |      0|  0|  15|           5|           5|
    |exitcond1_fu_403_p2  |   icmp   |      0|  0|   8|           2|           2|
    |exitcond2_fu_318_p2  |   icmp   |      0|  0|   8|           2|           2|
    |exitcond3_fu_284_p2  |   icmp   |      0|  0|  11|           5|           6|
    |exitcond4_fu_250_p2  |   icmp   |      0|  0|  11|           5|           3|
    |exitcond5_fu_238_p2  |   icmp   |      0|  0|  11|           5|           3|
    |exitcond_fu_459_p2   |   icmp   |      0|  0|  11|           4|           5|
    |tmp_41_fu_384_p2     |   icmp   |      0|  0|  18|          32|           1|
    |output_r_d0          |  select  |      0|  0|  31|           1|          31|
    +---------------------+----------+-------+---+----+------------+------------+
    |Total                |          |      2|  0| 427|         255|         203|
    +---------------------+----------+-------+---+----+------------+------------+

    * Multiplexer: 
    +-----------------+----+-----------+-----+-----------+
    |       Name      | LUT| Input Size| Bits| Total Bits|
    +-----------------+----+-----------+-----+-----------+
    |ap_NS_fsm        |  50|         11|    1|         11|
    |col_reg_140      |   9|          2|    5|         10|
    |ic_reg_209       |   9|          2|    4|          8|
    |kc_reg_186       |   9|          2|    2|          4|
    |kr_reg_163       |   9|          2|    2|          4|
    |oc_reg_152       |   9|          2|    5|         10|
    |phi_mul_reg_128  |   9|          2|   10|         20|
    |row_reg_116      |   9|          2|    5|         10|
    |sum_1_reg_197    |   9|          2|   32|         64|
    |sum_2_reg_220    |   9|          2|   32|         64|
    |sum_reg_174      |   9|          2|   32|         64|
    +-----------------+----+-----------+-----+-----------+
    |Total            | 140|         31|  130|        269|
    +-----------------+----+-----------+-----+-----------+

    * Register: 
    +------------------------+----+----+-----+-----------+
    |          Name          | FF | LUT| Bits| Const Bits|
    +------------------------+----+----+-----+-----------+
    |ap_CS_fsm               |  10|   0|   10|          0|
    |buf_pool1_load_reg_623  |  32|   0|   32|          0|
    |col_2_reg_541           |   5|   0|    5|          0|
    |col_reg_140             |   5|   0|    5|          0|
    |ic_3_reg_608            |   4|   0|    4|          0|
    |ic_reg_209              |   4|   0|    4|          0|
    |kc_2_reg_590            |   2|   0|    2|          0|
    |kc_reg_186              |   2|   0|    2|          0|
    |kr_2_reg_572            |   2|   0|    2|          0|
    |kr_reg_163              |   2|   0|    2|          0|
    |next_mul_reg_525        |  10|   0|   10|          0|
    |oc_3_reg_554            |   5|   0|    5|          0|
    |oc_reg_152              |   5|   0|    5|          0|
    |output_addr_reg_564     |  14|   0|   14|          0|
    |phi_mul_reg_128         |  10|   0|   10|          0|
    |row_2_reg_533           |   5|   0|    5|          0|
    |row_reg_116             |   5|   0|    5|          0|
    |sum_1_reg_197           |  32|   0|   32|          0|
    |sum_2_reg_220           |  32|   0|   32|          0|
    |sum_reg_174             |  32|   0|   32|          0|
    |tmp_121_cast_reg_546    |  10|   0|   15|          5|
    |tmp_126_cast_reg_582    |   6|   0|    6|          0|
    |tmp_129_cast_reg_595    |  11|   0|   14|          3|
    |tmp_40_cast2_reg_559    |   5|   0|   12|          7|
    |tmp_50_reg_633          |  32|   0|   32|          0|
    |tmp_81_reg_577          |  11|   0|   11|          0|
    |tmp_86_reg_600          |   5|   0|    8|          3|
    |w_conv2_load_reg_628    |   5|   0|    5|          0|
    +------------------------+----+----+-----+-----------+
    |Total                   | 303|   0|  321|         18|
    +------------------------+----+----+-----+-----------+



================================================================
== Interface
================================================================
* Summary: 
+--------------------+-----+-----+------------+--------------+--------------+
|      RTL Ports     | Dir | Bits|  Protocol  | Source Object|    C Type    |
+--------------------+-----+-----+------------+--------------+--------------+
|ap_clk              |  in |    1| ap_ctrl_hs |  conv_layer2 | return value |
|ap_rst              |  in |    1| ap_ctrl_hs |  conv_layer2 | return value |
|ap_start            |  in |    1| ap_ctrl_hs |  conv_layer2 | return value |
|ap_done             | out |    1| ap_ctrl_hs |  conv_layer2 | return value |
|ap_idle             | out |    1| ap_ctrl_hs |  conv_layer2 | return value |
|ap_ready            | out |    1| ap_ctrl_hs |  conv_layer2 | return value |
|output_r_address0   | out |   14|  ap_memory |   output_r   |     array    |
|output_r_ce0        | out |    1|  ap_memory |   output_r   |     array    |
|output_r_we0        | out |    1|  ap_memory |   output_r   |     array    |
|output_r_d0         | out |   31|  ap_memory |   output_r   |     array    |
|buf_pool1_address0  | out |   13|  ap_memory |   buf_pool1  |     array    |
|buf_pool1_ce0       | out |    1|  ap_memory |   buf_pool1  |     array    |
|buf_pool1_q0        |  in |   32|  ap_memory |   buf_pool1  |     array    |
+--------------------+-----+-----+------------+--------------+--------------+

