Report time       : Sun Jun 21 18:20:57 SEAST 2026.
Solution          : optimization_solution.
Simulation tool   : xsim.

+----------+----------+-----------------------------------------------+-----------------------------------------------+
|          |          |                    Latency                    |                    Interval                   |
+   RTL    +  Status  +-----------------------------------------------+-----------------------------------------------+
|          |          |      min      |      avg      |      max      |      min      |      avg      |      max      |
+----------+----------+-----------------------------------------------+-----------------------------------------------+
|      VHDL|        NA|             NA|             NA|             NA|             NA|             NA|             NA|
|   Verilog|      Pass|        1048587|        1048587|        1048587|        1048588|        1048588|        1048588|
+----------+----------+-----------------------------------------------+-----------------------------------------------+
